// Jest Snapshot v1, https://goo.gl/fbAQLP

exports[`<Modal /> should match snapshot' 1`] = `
<div
  class="MuiDialog-root"
  data-testid="Modal-component"
  role="presentation"
  style="position: fixed; z-index: 1300; right: 0px; bottom: 0px; top: 0px; left: 0px;"
>
  <div
    aria-hidden="true"
    class="MuiBackdrop-root"
    style="opacity: 1; webkit-transition: opacity 225ms cubic-bezier(0.4, 0, 0.2, 1) 0ms; transition: opacity 225ms cubic-bezier(0.4, 0, 0.2, 1) 0ms;"
  />
  <div
    data-test="sentinelStart"
    tabindex="0"
  />
  <div
    class="MuiDialog-container MuiDialog-scrollPaper"
    role="none presentation"
    style="opacity: 1; webkit-transition: opacity 225ms cubic-bezier(0.4, 0, 0.2, 1) 0ms; transition: opacity 225ms cubic-bezier(0.4, 0, 0.2, 1) 0ms;"
    tabindex="-1"
  >
    <div
      class="MuiPaper-root MuiDialog-paper MuiDialog-paperScrollPaper MuiDialog-paperWidthXs MuiPaper-elevation24 MuiPaper-rounded"
      role="dialog"
    >
      <div
        class="MuiDialogContent-root makeStyles-modalPadding-1"
      >
        <h5
          class="MuiTypography-root makeStyles-title-3 MuiTypography-h5"
          data-testid="Modal-title-text"
        >
          Title text
        </h5>
        <p
          class="MuiTypography-root makeStyles-textRow-2 MuiTypography-body1"
          data-testid="Modal-body-text"
        >
          Content of modal
        </p>
      </div>
    </div>
  </div>
  <div
    data-test="sentinelEnd"
    tabindex="0"
  />
</div>
`;
