// Jest Snapshot v1, https://goo.gl/fbAQLP

exports[`<ChangePaymentMethod /> should match snapshot 1`] = `
<div>
  <div>
    <h2
      class="MuiTypography-root makeStyles-title-1 MuiTypography-h2"
    >
      Payment
    </h2>
    <div
      class="makeStyles-spacing2-10 makeStyles-spacing2Responsive-11"
      data-testid="spacing/root"
    />
    
    <p
      class="MuiTypography-root makeStyles-subTitle-2 MuiTypography-body1"
    >
      Your card details will be saved securely and we will apply to take payment for your subscription every month.
    </p>
    <div
      class="makeStyles-spacing2-10"
      data-testid="spacing/root"
    />
    <div
      class="makeStyles-braintreeContainer-4"
    >
      <div
        id="braintree-change-payment-method"
      />
    </div>
    
    <div
      class="makeStyles-flexContainer-3"
    >
      <button
        class="MuiButtonBase-root MuiButton-root MuiButton-text"
        tabindex="0"
        type="button"
      >
        <span
          class="MuiButton-label"
        >
          <div
            class="makeStyles-children-34"
          >
            <p
              class="MuiTypography-root MuiTypography-body1"
              style="color: rgb(12, 22, 31);"
            >
              Back
            </p>
          </div>
        </span>
        <span
          class="MuiTouchRipple-root"
        />
      </button>
      <button
        class="MuiButtonBase-root MuiButton-root MuiButton-contained MuiButton-containedPrimary MuiButton-containedSizeLarge MuiButton-sizeLarge Mui-disabled MuiButton-fullWidth Mui-disabled"
        data-testid="changePayment/payment-button"
        disabled=""
        tabindex="-1"
        type="button"
      >
        <span
          class="MuiButton-label"
        >
          <div
            class="makeStyles-children-34"
          >
            Change payment method
          </div>
          <span
            class="MuiButton-endIcon makeStyles-endIcon-36 MuiButton-iconSizeLarge"
          >
            <svg
              aria-hidden="true"
              class="MuiSvgIcon-root"
              focusable="false"
              viewBox="0 0 24 24"
            >
              <path
                d="M10 6L8.59 7.41 13.17 12l-4.58 4.59L10 18l6-6z"
              />
            </svg>
          </span>
        </span>
      </button>
    </div>
  </div>
</div>
`;
