// Jest Snapshot v1, https://goo.gl/fbAQLP

exports[`<DiscountInfo /> should match snapshot 1`] = `
<div>
  <p
    class="MuiTypography-root makeStyles-title-1 MuiTypography-body1"
    data-testid="discountInfo/title"
  >
    title
  </p>
  <div
    class="MuiGrid-root MuiGrid-container MuiGrid-wrap-xs-nowrap MuiGrid-justify-xs-space-between"
  >
    <div
      class="MuiGrid-root MuiGrid-item MuiGrid-grid-xs-true"
    >
      <div
        class="MuiBox-root MuiBox-root-4"
      >
        <svg
          aria-hidden="true"
          class="MuiSvgIcon-root makeStyles-promoIcon-3 MuiSvgIcon-fontSizeSmall"
          focusable="false"
          viewBox="0 0 24 24"
        >
          <path
            d="M21.41 11.58l-9-9C12.05 2.22 11.55 2 11 2H4c-1.1 0-2 .9-2 2v7c0 .55.22 1.05.59 1.42l9 9c.36.36.86.58 1.41.58.55 0 1.05-.22 1.41-.59l7-7c.37-.36.59-.86.59-1.41 0-.55-.23-1.06-.59-1.42zM5.5 7C4.67 7 4 6.33 4 5.5S4.67 4 5.5 4 7 4.67 7 5.5 6.33 7 5.5 7z"
          />
        </svg>
        <p
          class="MuiTypography-root makeStyles-text-2 MuiTypography-body1"
          data-testid="discountInfo/label"
        >
          label
        </p>
      </div>
    </div>
    <div
      class="MuiGrid-root MuiGrid-item MuiGrid-grid-xs-auto"
    >
      <p
        class="MuiTypography-root makeStyles-text-2 MuiTypography-body1 MuiTypography-noWrap MuiTypography-alignRight"
        data-testid="discountInfo/price"
      >
        Â£3.99
      </p>
    </div>
  </div>
</div>
`;
